Copyright 1986-2014 Xilinx, Inc. All Rights Reserved.
-------------------------------------------------------------------------------------------------------------------------------
| Tool Version     : Vivado v.2014.4 (win64) Build 1071353 Tue Nov 18 18:29:27 MST 2014
| Date             : Sat Mar 26 22:27:30 2016
| Host             : Tianhe_Yu running 64-bit major release  (build 9200)
| Command          : report_power -file design_1_wrapper_power_routed.rpt -pb design_1_wrapper_power_summary_routed.pb
| Design           : design_1_wrapper
| Device           : xc7z030fbg484-2
| Design State     : Routed
| Grade            : commercial
| Process          : typical
| Characterization : Production
-------------------------------------------------------------------------------------------------------------------------------

Power Report

Table of Contents
-----------------
1. Summary
1.1 On-Chip Components
1.2 Power Supply Summary
1.3 Confidence Level
2. Settings
2.1 Environment
2.2 Clock Constraints
3. Detailed Reports
3.1 By Hierarchy

1. Summary
----------

+--------------------------+-------+
| Total On-Chip Power (W)  | 1.704 |
| Dynamic (W)              | 1.545 |
| Device Static (W)        | 0.159 |
| Effective TJA (C/W)      | 2.5   |
| Max Ambient (C)          | 80.8  |
| Junction Temperature (C) | 29.2  |
| Confidence Level         | Low   |
| Setting File             | ---   |
| Simulation Activity File | ---   |
| Design Nets Matched      | NA    |
+--------------------------+-------+


1.1 On-Chip Components
----------------------

+-------------------------+-----------+----------+-----------+-----------------+
| On-Chip                 | Power (W) | Used     | Available | Utilization (%) |
+-------------------------+-----------+----------+-----------+-----------------+
| Clocks                  |     0.004 |        3 |       --- |             --- |
| Slice Logic             |     0.002 |    10027 |       --- |             --- |
|   LUT as Logic          |     0.001 |     8490 |     69808 |           12.16 |
|   Register              |    <0.001 |      921 |    139616 |            0.65 |
|   CARRY4                |    <0.001 |       89 |     17452 |            0.50 |
|   LUT as Shift Register |    <0.001 |       64 |     26016 |            0.24 |
|   Others                |     0.000 |      242 |       --- |             --- |
| Signals                 |     0.002 |     9362 |       --- |             --- |
| Block RAM               |     0.009 |       16 |       265 |            6.03 |
| PS7                     |     1.528 |        1 |       --- |             --- |
| Static Power            |     0.159 |          |           |                 |
| Total                   |     1.704 |          |           |                 |
+-------------------------+-----------+----------+-----------+-----------------+


1.2 Power Supply Summary
------------------------

+-----------+-------------+-----------+-------------+------------+
| Source    | Voltage (V) | Total (A) | Dynamic (A) | Static (A) |
+-----------+-------------+-----------+-------------+------------+
| Vccint    |       1.000 |     0.041 |       0.016 |      0.025 |
| Vccaux    |       1.800 |     0.026 |       0.000 |      0.026 |
| Vcco33    |       3.300 |     0.000 |       0.000 |      0.000 |
| Vcco25    |       2.500 |     0.000 |       0.000 |      0.000 |
| Vcco18    |       1.800 |     0.001 |       0.000 |      0.001 |
| Vcco15    |       1.500 |     0.001 |       0.000 |      0.001 |
| Vcco135   |       1.350 |     0.000 |       0.000 |      0.000 |
| Vcco12    |       1.200 |     0.000 |       0.000 |      0.000 |
| Vccaux_io |       1.800 |     0.000 |       0.000 |      0.000 |
| Vccbram   |       1.000 |     0.002 |       0.001 |      0.002 |
| MGTAVcc   |       1.000 |     0.000 |       0.000 |      0.000 |
| MGTAVtt   |       1.200 |     0.000 |       0.000 |      0.000 |
| MGTVccaux |       1.800 |     0.000 |       0.000 |      0.000 |
| Vccpint   |       1.000 |     0.742 |       0.724 |      0.018 |
| Vccpaux   |       1.800 |     0.060 |       0.050 |      0.010 |
| Vccpll    |       1.800 |     0.019 |       0.016 |      0.003 |
| Vcco_ddr  |       1.500 |     0.459 |       0.457 |      0.002 |
| Vcco_mio0 |       1.800 |     0.000 |       0.000 |      0.000 |
| Vcco_mio1 |       1.800 |     0.000 |       0.000 |      0.000 |
| Vccadc    |       1.800 |     0.020 |       0.000 |      0.020 |
+-----------+-------------+-----------+-------------+------------+


1.3 Confidence Level
--------------------

+-----------------------------+------------+--------------------------------------------------------+------------------------------------------------------------------------------------------------------------+
| User Input Data             | Confidence | Details                                                | Action                                                                                                     |
+-----------------------------+------------+--------------------------------------------------------+------------------------------------------------------------------------------------------------------------+
| Design implementation state | High       | Design is routed                                       |                                                                                                            |
| Clock nodes activity        | High       | User specified more than 95% of clocks                 |                                                                                                            |
| I/O nodes activity          | Low        | More than 75% of inputs are missing user specification | Provide missing input activity with simulation results or by editing the "By Resource Type -> I/Os" view   |
| Internal nodes activity     | Medium     | User specified less than 25% of internal nodes         | Provide missing internal nodes activity with simulation results or by editing the "By Resource Type" views |
| Device models               | High       | Device models are Production                           |                                                                                                            |
|                             |            |                                                        |                                                                                                            |
| Overall confidence level    | Low        |                                                        |                                                                                                            |
+-----------------------------+------------+--------------------------------------------------------+------------------------------------------------------------------------------------------------------------+


2. Settings
-----------

2.1 Environment
---------------

+-----------------------+--------------------------+
| Ambient Temp (C)      | 25.0                     |
| ThetaJA (C/W)         | 2.5                      |
| Airflow (LFM)         | 250                      |
| Heat Sink             | medium (Medium Profile)  |
| ThetaSA (C/W)         | 4.2                      |
| Board Selection       | medium (10"x10")         |
| # of Board Layers     | 12to15 (12 to 15 Layers) |
| Board Temperature (C) | 25.0                     |
+-----------------------+--------------------------+


2.2 Clock Constraints
---------------------

+------------+-------------------------------------------------------------+-----------------+
| Clock      | Domain                                                      | Constraint (ns) |
+------------+-------------------------------------------------------------+-----------------+
| clk_fpga_0 | design_1_i/processing_system7_0/inst/FCLK_CLK_unbuffered[0] |            20.0 |
+------------+-------------------------------------------------------------+-----------------+


3. Detailed Reports
-------------------

3.1 By Hierarchy
----------------

+--------------------------------------------------+-----------+
| Name                                             | Power (W) |
+--------------------------------------------------+-----------+
| design_1_wrapper                                 |     1.545 |
|   design_1_i                                     |     1.545 |
|     processing_system7_0                         |     1.528 |
|       inst                                       |     1.528 |
|     processing_system7_0_axi_periph              |     0.004 |
|       s00_couplers                               |     0.004 |
|         auto_pc                                  |     0.004 |
|           inst                                   |     0.004 |
|             gen_axilite.gen_b2s_conv.axilite_b2s |     0.004 |
|               RD.ar_channel_0                    |    <0.001 |
|                 ar_cmd_fsm_0                     |    <0.001 |
|                 cmd_translator_0                 |    <0.001 |
|                   incr_cmd_0                     |    <0.001 |
|                   wrap_cmd_0                     |    <0.001 |
|               RD.r_channel_0                     |     0.001 |
|                 rd_data_fifo_0                   |    <0.001 |
|                 transaction_fifo_0               |    <0.001 |
|               SI_REG                             |     0.001 |
|                 ar_pipe                          |    <0.001 |
|                 aw_pipe                          |    <0.001 |
|                 b_pipe                           |    <0.001 |
|                 r_pipe                           |    <0.001 |
|               WR.aw_channel_0                    |    <0.001 |
|                 aw_cmd_fsm_0                     |    <0.001 |
|                 cmd_translator_0                 |    <0.001 |
|                   incr_cmd_0                     |    <0.001 |
|                   wrap_cmd_0                     |    <0.001 |
|               WR.b_channel_0                     |    <0.001 |
|                 bid_fifo_0                       |    <0.001 |
|                 bresp_fifo_0                     |    <0.001 |
|     ring_osc_0                                   |     0.012 |
|       inst                                       |     0.012 |
|         ring_osc_v1_0_S00_AXI_inst               |     0.012 |
|           R1                                     |     0.011 |
|             bram                                 |     0.009 |
|             cntr                                 |    <0.001 |
|             cntrl_unt                            |    <0.001 |
|             sngl_ro                              |    <0.001 |
|               R111m[1].a111m[24].ro              |    <0.001 |
|               R111m[1].a111m[25].ro              |    <0.001 |
|               R111m[1].a111m[26].ro              |    <0.001 |
|               R111m[2].a111m[24].ro              |    <0.001 |
|               R111m[2].a111m[25].ro              |    <0.001 |
|               R111m[2].a111m[26].ro              |    <0.001 |
|               R111m[3].a111m[24].ro              |    <0.001 |
|               R111m[3].a111m[25].ro              |    <0.001 |
|               R111m[3].a111m[26].ro              |    <0.001 |
|               R111m[4].a111m[24].ro              |    <0.001 |
|               R111m[4].a111m[25].ro              |    <0.001 |
|               R111m[4].a111m[26].ro              |    <0.001 |
|               R111m[5].a111m[24].ro              |    <0.001 |
|               R111m[5].a111m[25].ro              |    <0.001 |
|               R111m[5].a111m[26].ro              |    <0.001 |
|               R111m[6].a111m[24].ro              |    <0.001 |
|               R111m[6].a111m[25].ro              |    <0.001 |
|               R111m[6].a111m[26].ro              |    <0.001 |
|               R111m[7].a111m[24].ro              |    <0.001 |
|               R111m[7].a111m[25].ro              |    <0.001 |
|               R111m[7].a111m[26].ro              |    <0.001 |
|               R111m[8].a111m[24].ro              |    <0.001 |
|               R111m[8].a111m[25].ro              |    <0.001 |
|               R111m[8].a111m[26].ro              |    <0.001 |
|               R111m[9].a111m[24].ro              |    <0.001 |
|               R111m[9].a111m[25].ro              |    <0.001 |
|               R111m[9].a111m[26].ro              |    <0.001 |
|               R11m[1].a11m[21].ro                |    <0.001 |
|               R11m[1].a11m[22].ro                |    <0.001 |
|               R11m[1].a11m[23].ro                |    <0.001 |
|               R11m[2].a11m[21].ro                |    <0.001 |
|               R11m[2].a11m[22].ro                |    <0.001 |
|               R11m[2].a11m[23].ro                |    <0.001 |
|               R11m[3].a11m[21].ro                |    <0.001 |
|               R11m[3].a11m[22].ro                |    <0.001 |
|               R11m[3].a11m[23].ro                |    <0.001 |
|               R11m[4].a11m[21].ro                |    <0.001 |
|               R11m[4].a11m[22].ro                |    <0.001 |
|               R11m[4].a11m[23].ro                |    <0.001 |
|               R11m[5].a11m[21].ro                |    <0.001 |
|               R11m[5].a11m[22].ro                |    <0.001 |
|               R11m[5].a11m[23].ro                |    <0.001 |
|               R11m[6].a11m[21].ro                |    <0.001 |
|               R11m[6].a11m[22].ro                |    <0.001 |
|               R11m[6].a11m[23].ro                |    <0.001 |
|               R11m[7].a11m[21].ro                |    <0.001 |
|               R11m[7].a11m[22].ro                |    <0.001 |
|               R11m[7].a11m[23].ro                |    <0.001 |
|               R11m[8].a11m[21].ro                |    <0.001 |
|               R11m[8].a11m[22].ro                |    <0.001 |
|               R11m[8].a11m[23].ro                |    <0.001 |
|               R11m[9].a11m[21].ro                |    <0.001 |
|               R11m[9].a11m[22].ro                |    <0.001 |
|               R11m[9].a11m[23].ro                |    <0.001 |
|               R1[1].a1[2].ro                     |    <0.001 |
|               R1[1].a1[3].ro                     |    <0.001 |
|               R1[1].a1[4].ro                     |    <0.001 |
|               R1[2].a1[2].ro                     |    <0.001 |
|               R1[2].a1[3].ro                     |    <0.001 |
|               R1[2].a1[4].ro                     |    <0.001 |
|               R1[3].a1[2].ro                     |    <0.001 |
|               R1[3].a1[3].ro                     |    <0.001 |
|               R1[3].a1[4].ro                     |    <0.001 |
|               R1[4].a1[2].ro                     |    <0.001 |
|               R1[4].a1[3].ro                     |    <0.001 |
|               R1[4].a1[4].ro                     |    <0.001 |
|               R1[5].a1[2].ro                     |    <0.001 |
|               R1[5].a1[3].ro                     |    <0.001 |
|               R1[5].a1[4].ro                     |    <0.001 |
|               R1[6].a1[2].ro                     |    <0.001 |
|               R1[6].a1[3].ro                     |    <0.001 |
|               R1[6].a1[4].ro                     |    <0.001 |
|               R1[7].a1[2].ro                     |    <0.001 |
|               R1[7].a1[3].ro                     |    <0.001 |
|               R1[7].a1[4].ro                     |    <0.001 |
|               R1[8].a1[2].ro                     |    <0.001 |
|               R1[8].a1[3].ro                     |    <0.001 |
|               R1[8].a1[4].ro                     |    <0.001 |
|               R1[9].a1[2].ro                     |    <0.001 |
|               R1[9].a1[3].ro                     |    <0.001 |
|               R1[9].a1[4].ro                     |    <0.001 |
|               R1m[1].a1m[10].ro                  |    <0.001 |
|               R1m[1].a1m[11].ro                  |    <0.001 |
|               R1m[1].a1m[12].ro                  |    <0.001 |
|               R1m[1].a1m[13].ro                  |    <0.001 |
|               R1m[1].a1m[14].ro                  |    <0.001 |
|               R1m[1].a1m[15].ro                  |    <0.001 |
|               R1m[1].a1m[16].ro                  |    <0.001 |
|               R1m[1].a1m[17].ro                  |    <0.001 |
|               R1m[1].a1m[18].ro                  |    <0.001 |
|               R1m[1].a1m[19].ro                  |    <0.001 |
|               R1m[1].a1m[20].ro                  |    <0.001 |
|               R1m[1].a1m[5].ro                   |    <0.001 |
|               R1m[1].a1m[6].ro                   |    <0.001 |
|               R1m[1].a1m[7].ro                   |    <0.001 |
|               R1m[1].a1m[8].ro                   |    <0.001 |
|               R1m[1].a1m[9].ro                   |    <0.001 |
|               R1m[2].a1m[10].ro                  |    <0.001 |
|               R1m[2].a1m[11].ro                  |    <0.001 |
|               R1m[2].a1m[12].ro                  |    <0.001 |
|               R1m[2].a1m[13].ro                  |    <0.001 |
|               R1m[2].a1m[14].ro                  |    <0.001 |
|               R1m[2].a1m[15].ro                  |    <0.001 |
|               R1m[2].a1m[16].ro                  |    <0.001 |
|               R1m[2].a1m[17].ro                  |    <0.001 |
|               R1m[2].a1m[18].ro                  |    <0.001 |
|               R1m[2].a1m[19].ro                  |    <0.001 |
|               R1m[2].a1m[20].ro                  |    <0.001 |
|               R1m[2].a1m[5].ro                   |    <0.001 |
|               R1m[2].a1m[6].ro                   |    <0.001 |
|               R1m[2].a1m[7].ro                   |    <0.001 |
|               R1m[2].a1m[8].ro                   |    <0.001 |
|               R1m[2].a1m[9].ro                   |    <0.001 |
|               R1m[3].a1m[10].ro                  |    <0.001 |
|               R1m[3].a1m[11].ro                  |    <0.001 |
|               R1m[3].a1m[12].ro                  |    <0.001 |
|               R1m[3].a1m[13].ro                  |    <0.001 |
|               R1m[3].a1m[14].ro                  |    <0.001 |
|               R1m[3].a1m[15].ro                  |    <0.001 |
|               R1m[3].a1m[16].ro                  |    <0.001 |
|               R1m[3].a1m[17].ro                  |    <0.001 |
|               R1m[3].a1m[18].ro                  |    <0.001 |
|               R1m[3].a1m[19].ro                  |    <0.001 |
|               R1m[3].a1m[20].ro                  |    <0.001 |
|               R1m[3].a1m[5].ro                   |    <0.001 |
|               R1m[3].a1m[6].ro                   |    <0.001 |
|               R1m[3].a1m[7].ro                   |    <0.001 |
|               R1m[3].a1m[8].ro                   |    <0.001 |
|               R1m[3].a1m[9].ro                   |    <0.001 |
|               R1m[4].a1m[10].ro                  |    <0.001 |
|               R1m[4].a1m[11].ro                  |    <0.001 |
|               R1m[4].a1m[12].ro                  |    <0.001 |
|               R1m[4].a1m[13].ro                  |    <0.001 |
|               R1m[4].a1m[14].ro                  |    <0.001 |
|               R1m[4].a1m[15].ro                  |    <0.001 |
|               R1m[4].a1m[16].ro                  |    <0.001 |
|               R1m[4].a1m[17].ro                  |    <0.001 |
|               R1m[4].a1m[18].ro                  |    <0.001 |
|               R1m[4].a1m[19].ro                  |    <0.001 |
|               R1m[4].a1m[20].ro                  |    <0.001 |
|               R1m[4].a1m[5].ro                   |    <0.001 |
|               R1m[4].a1m[6].ro                   |    <0.001 |
|               R1m[4].a1m[7].ro                   |    <0.001 |
|               R1m[4].a1m[8].ro                   |    <0.001 |
|               R1m[4].a1m[9].ro                   |    <0.001 |
|               R1m[5].a1m[10].ro                  |    <0.001 |
|               R1m[5].a1m[11].ro                  |    <0.001 |
|               R1m[5].a1m[12].ro                  |    <0.001 |
|               R1m[5].a1m[13].ro                  |    <0.001 |
|               R1m[5].a1m[14].ro                  |    <0.001 |
|               R1m[5].a1m[15].ro                  |    <0.001 |
|               R1m[5].a1m[16].ro                  |    <0.001 |
|               R1m[5].a1m[17].ro                  |    <0.001 |
|               R1m[5].a1m[18].ro                  |    <0.001 |
|               R1m[5].a1m[19].ro                  |    <0.001 |
|               R1m[5].a1m[20].ro                  |    <0.001 |
|               R1m[5].a1m[5].ro                   |    <0.001 |
|               R1m[5].a1m[6].ro                   |    <0.001 |
|               R1m[5].a1m[7].ro                   |    <0.001 |
|               R1m[5].a1m[8].ro                   |    <0.001 |
|               R1m[5].a1m[9].ro                   |    <0.001 |
|               R1m[6].a1m[10].ro                  |    <0.001 |
|               R1m[6].a1m[11].ro                  |    <0.001 |
|               R1m[6].a1m[12].ro                  |    <0.001 |
|               R1m[6].a1m[13].ro                  |    <0.001 |
|               R1m[6].a1m[14].ro                  |    <0.001 |
|               R1m[6].a1m[15].ro                  |    <0.001 |
|               R1m[6].a1m[16].ro                  |    <0.001 |
|               R1m[6].a1m[17].ro                  |    <0.001 |
|               R1m[6].a1m[18].ro                  |    <0.001 |
|               R1m[6].a1m[19].ro                  |    <0.001 |
|               R1m[6].a1m[20].ro                  |    <0.001 |
|               R1m[6].a1m[5].ro                   |    <0.001 |
|               R1m[6].a1m[6].ro                   |    <0.001 |
|               R1m[6].a1m[7].ro                   |    <0.001 |
|               R1m[6].a1m[8].ro                   |    <0.001 |
|               R1m[6].a1m[9].ro                   |    <0.001 |
|               R1m[7].a1m[10].ro                  |    <0.001 |
|               R1m[7].a1m[11].ro                  |    <0.001 |
|               R1m[7].a1m[12].ro                  |    <0.001 |
|               R1m[7].a1m[13].ro                  |    <0.001 |
|               R1m[7].a1m[14].ro                  |    <0.001 |
|               R1m[7].a1m[15].ro                  |    <0.001 |
|               R1m[7].a1m[16].ro                  |    <0.001 |
|               R1m[7].a1m[17].ro                  |    <0.001 |
|               R1m[7].a1m[18].ro                  |    <0.001 |
|               R1m[7].a1m[19].ro                  |    <0.001 |
|               R1m[7].a1m[20].ro                  |    <0.001 |
|               R1m[7].a1m[5].ro                   |    <0.001 |
|               R1m[7].a1m[6].ro                   |    <0.001 |
|               R1m[7].a1m[7].ro                   |    <0.001 |
|               R1m[7].a1m[8].ro                   |    <0.001 |
|               R1m[7].a1m[9].ro                   |    <0.001 |
|               R1m[8].a1m[10].ro                  |    <0.001 |
|               R1m[8].a1m[11].ro                  |    <0.001 |
|               R1m[8].a1m[12].ro                  |    <0.001 |
|               R1m[8].a1m[13].ro                  |    <0.001 |
|               R1m[8].a1m[14].ro                  |    <0.001 |
|               R1m[8].a1m[15].ro                  |    <0.001 |
|               R1m[8].a1m[16].ro                  |    <0.001 |
|               R1m[8].a1m[17].ro                  |    <0.001 |
|               R1m[8].a1m[18].ro                  |    <0.001 |
|               R1m[8].a1m[19].ro                  |    <0.001 |
|               R1m[8].a1m[20].ro                  |    <0.001 |
|               R1m[8].a1m[5].ro                   |    <0.001 |
|               R1m[8].a1m[6].ro                   |    <0.001 |
|               R1m[8].a1m[7].ro                   |    <0.001 |
|               R1m[8].a1m[8].ro                   |    <0.001 |
|               R1m[8].a1m[9].ro                   |    <0.001 |
|               R1m[9].a1m[10].ro                  |    <0.001 |
|               R1m[9].a1m[11].ro                  |    <0.001 |
|               R1m[9].a1m[12].ro                  |    <0.001 |
|               R1m[9].a1m[13].ro                  |    <0.001 |
|               R1m[9].a1m[14].ro                  |    <0.001 |
|               R1m[9].a1m[15].ro                  |    <0.001 |
|               R1m[9].a1m[16].ro                  |    <0.001 |
|               R1m[9].a1m[17].ro                  |    <0.001 |
|               R1m[9].a1m[18].ro                  |    <0.001 |
|               R1m[9].a1m[19].ro                  |    <0.001 |
|               R1m[9].a1m[20].ro                  |    <0.001 |
|               R1m[9].a1m[5].ro                   |    <0.001 |
|               R1m[9].a1m[6].ro                   |    <0.001 |
|               R1m[9].a1m[7].ro                   |    <0.001 |
|               R1m[9].a1m[8].ro                   |    <0.001 |
|               R1m[9].a1m[9].ro                   |    <0.001 |
|               R222m[10].a222m[24].ro             |    <0.001 |
|               R222m[10].a222m[25].ro             |    <0.001 |
|               R222m[10].a222m[26].ro             |    <0.001 |
|               R222m[11].a222m[24].ro             |    <0.001 |
|               R222m[11].a222m[25].ro             |    <0.001 |
|               R222m[11].a222m[26].ro             |    <0.001 |
|               R222m[12].a222m[24].ro             |    <0.001 |
|               R222m[12].a222m[25].ro             |    <0.001 |
|               R222m[12].a222m[26].ro             |    <0.001 |
|               R222m[13].a222m[24].ro             |    <0.001 |
|               R222m[13].a222m[25].ro             |    <0.001 |
|               R222m[13].a222m[26].ro             |    <0.001 |
|               R222m[14].a222m[24].ro             |    <0.001 |
|               R222m[14].a222m[25].ro             |    <0.001 |
|               R222m[14].a222m[26].ro             |    <0.001 |
|               R222m[15].a222m[24].ro             |    <0.001 |
|               R222m[15].a222m[25].ro             |    <0.001 |
|               R222m[15].a222m[26].ro             |    <0.001 |
|               R222m[16].a222m[24].ro             |    <0.001 |
|               R222m[16].a222m[25].ro             |    <0.001 |
|               R222m[16].a222m[26].ro             |    <0.001 |
|               R222m[17].a222m[24].ro             |    <0.001 |
|               R222m[17].a222m[25].ro             |    <0.001 |
|               R222m[17].a222m[26].ro             |    <0.001 |
|               R222m[18].a222m[24].ro             |    <0.001 |
|               R222m[18].a222m[25].ro             |    <0.001 |
|               R222m[18].a222m[26].ro             |    <0.001 |
|               R22m[10].a22m[21].ro               |    <0.001 |
|               R22m[10].a22m[22].ro               |    <0.001 |
|               R22m[10].a22m[23].ro               |    <0.001 |
|               R22m[11].a22m[21].ro               |    <0.001 |
|               R22m[11].a22m[22].ro               |    <0.001 |
|               R22m[11].a22m[23].ro               |    <0.001 |
|               R22m[12].a22m[21].ro               |    <0.001 |
|               R22m[12].a22m[22].ro               |    <0.001 |
|               R22m[12].a22m[23].ro               |    <0.001 |
|               R22m[13].a22m[21].ro               |    <0.001 |
|               R22m[13].a22m[22].ro               |    <0.001 |
|               R22m[13].a22m[23].ro               |    <0.001 |
|               R22m[14].a22m[21].ro               |    <0.001 |
|               R22m[14].a22m[22].ro               |    <0.001 |
|               R22m[14].a22m[23].ro               |    <0.001 |
|               R22m[15].a22m[21].ro               |    <0.001 |
|               R22m[15].a22m[22].ro               |    <0.001 |
|               R22m[15].a22m[23].ro               |    <0.001 |
|               R22m[16].a22m[21].ro               |    <0.001 |
|               R22m[16].a22m[22].ro               |    <0.001 |
|               R22m[16].a22m[23].ro               |    <0.001 |
|               R22m[17].a22m[21].ro               |    <0.001 |
|               R22m[17].a22m[22].ro               |    <0.001 |
|               R22m[17].a22m[23].ro               |    <0.001 |
|               R22m[18].a22m[21].ro               |    <0.001 |
|               R22m[18].a22m[22].ro               |    <0.001 |
|               R22m[18].a22m[23].ro               |    <0.001 |
|               R2[10].a2[2].ro                    |    <0.001 |
|               R2[10].a2[3].ro                    |    <0.001 |
|               R2[10].a2[4].ro                    |    <0.001 |
|               R2[11].a2[2].ro                    |    <0.001 |
|               R2[11].a2[3].ro                    |    <0.001 |
|               R2[11].a2[4].ro                    |    <0.001 |
|               R2[12].a2[2].ro                    |    <0.001 |
|               R2[12].a2[3].ro                    |    <0.001 |
|               R2[12].a2[4].ro                    |    <0.001 |
|               R2[13].a2[2].ro                    |    <0.001 |
|               R2[13].a2[3].ro                    |    <0.001 |
|               R2[13].a2[4].ro                    |    <0.001 |
|               R2[14].a2[2].ro                    |    <0.001 |
|               R2[14].a2[3].ro                    |    <0.001 |
|               R2[14].a2[4].ro                    |    <0.001 |
|               R2[15].a2[2].ro                    |    <0.001 |
|               R2[15].a2[3].ro                    |    <0.001 |
|               R2[15].a2[4].ro                    |    <0.001 |
|               R2[16].a2[2].ro                    |    <0.001 |
|               R2[16].a2[3].ro                    |    <0.001 |
|               R2[16].a2[4].ro                    |    <0.001 |
|               R2[17].a2[2].ro                    |    <0.001 |
|               R2[17].a2[3].ro                    |    <0.001 |
|               R2[17].a2[4].ro                    |    <0.001 |
|               R2[18].a2[2].ro                    |    <0.001 |
|               R2[18].a2[3].ro                    |    <0.001 |
|               R2[18].a2[4].ro                    |    <0.001 |
|               R2m[10].a2m[10].ro                 |    <0.001 |
|               R2m[10].a2m[11].ro                 |    <0.001 |
|               R2m[10].a2m[12].ro                 |    <0.001 |
|               R2m[10].a2m[13].ro                 |    <0.001 |
|               R2m[10].a2m[14].ro                 |    <0.001 |
|               R2m[10].a2m[15].ro                 |    <0.001 |
|               R2m[10].a2m[16].ro                 |    <0.001 |
|               R2m[10].a2m[17].ro                 |    <0.001 |
|               R2m[10].a2m[18].ro                 |    <0.001 |
|               R2m[10].a2m[19].ro                 |    <0.001 |
|               R2m[10].a2m[20].ro                 |    <0.001 |
|               R2m[10].a2m[5].ro                  |    <0.001 |
|               R2m[10].a2m[6].ro                  |    <0.001 |
|               R2m[10].a2m[7].ro                  |    <0.001 |
|               R2m[10].a2m[8].ro                  |    <0.001 |
|               R2m[10].a2m[9].ro                  |    <0.001 |
|               R2m[11].a2m[10].ro                 |    <0.001 |
|               R2m[11].a2m[11].ro                 |    <0.001 |
|               R2m[11].a2m[12].ro                 |    <0.001 |
|               R2m[11].a2m[13].ro                 |    <0.001 |
|               R2m[11].a2m[14].ro                 |    <0.001 |
|               R2m[11].a2m[15].ro                 |    <0.001 |
|               R2m[11].a2m[16].ro                 |    <0.001 |
|               R2m[11].a2m[17].ro                 |    <0.001 |
|               R2m[11].a2m[18].ro                 |    <0.001 |
|               R2m[11].a2m[19].ro                 |    <0.001 |
|               R2m[11].a2m[20].ro                 |    <0.001 |
|               R2m[11].a2m[5].ro                  |    <0.001 |
|               R2m[11].a2m[6].ro                  |    <0.001 |
|               R2m[11].a2m[7].ro                  |    <0.001 |
|               R2m[11].a2m[8].ro                  |    <0.001 |
|               R2m[11].a2m[9].ro                  |    <0.001 |
|               R2m[12].a2m[10].ro                 |    <0.001 |
|               R2m[12].a2m[11].ro                 |    <0.001 |
|               R2m[12].a2m[12].ro                 |    <0.001 |
|               R2m[12].a2m[13].ro                 |    <0.001 |
|               R2m[12].a2m[14].ro                 |    <0.001 |
|               R2m[12].a2m[15].ro                 |    <0.001 |
|               R2m[12].a2m[16].ro                 |    <0.001 |
|               R2m[12].a2m[17].ro                 |    <0.001 |
|               R2m[12].a2m[18].ro                 |    <0.001 |
|               R2m[12].a2m[19].ro                 |    <0.001 |
|               R2m[12].a2m[20].ro                 |    <0.001 |
|               R2m[12].a2m[5].ro                  |    <0.001 |
|               R2m[12].a2m[6].ro                  |    <0.001 |
|               R2m[12].a2m[7].ro                  |    <0.001 |
|               R2m[12].a2m[8].ro                  |    <0.001 |
|               R2m[12].a2m[9].ro                  |    <0.001 |
|               R2m[13].a2m[10].ro                 |    <0.001 |
|               R2m[13].a2m[11].ro                 |    <0.001 |
|               R2m[13].a2m[12].ro                 |    <0.001 |
|               R2m[13].a2m[13].ro                 |    <0.001 |
|               R2m[13].a2m[14].ro                 |    <0.001 |
|               R2m[13].a2m[15].ro                 |    <0.001 |
|               R2m[13].a2m[16].ro                 |    <0.001 |
|               R2m[13].a2m[17].ro                 |    <0.001 |
|               R2m[13].a2m[18].ro                 |    <0.001 |
|               R2m[13].a2m[19].ro                 |    <0.001 |
|               R2m[13].a2m[20].ro                 |    <0.001 |
|               R2m[13].a2m[5].ro                  |    <0.001 |
|               R2m[13].a2m[6].ro                  |    <0.001 |
|               R2m[13].a2m[7].ro                  |    <0.001 |
|               R2m[13].a2m[8].ro                  |    <0.001 |
|               R2m[13].a2m[9].ro                  |    <0.001 |
|               R2m[14].a2m[10].ro                 |    <0.001 |
|               R2m[14].a2m[11].ro                 |    <0.001 |
|               R2m[14].a2m[12].ro                 |    <0.001 |
|               R2m[14].a2m[13].ro                 |    <0.001 |
|               R2m[14].a2m[14].ro                 |    <0.001 |
|               R2m[14].a2m[15].ro                 |    <0.001 |
|               R2m[14].a2m[16].ro                 |    <0.001 |
|               R2m[14].a2m[17].ro                 |    <0.001 |
|               R2m[14].a2m[18].ro                 |    <0.001 |
|               R2m[14].a2m[19].ro                 |    <0.001 |
|               R2m[14].a2m[20].ro                 |    <0.001 |
|               R2m[14].a2m[5].ro                  |    <0.001 |
|               R2m[14].a2m[6].ro                  |    <0.001 |
|               R2m[14].a2m[7].ro                  |    <0.001 |
|               R2m[14].a2m[8].ro                  |    <0.001 |
|               R2m[14].a2m[9].ro                  |    <0.001 |
|               R2m[15].a2m[10].ro                 |    <0.001 |
|               R2m[15].a2m[11].ro                 |    <0.001 |
|               R2m[15].a2m[12].ro                 |    <0.001 |
|               R2m[15].a2m[13].ro                 |    <0.001 |
|               R2m[15].a2m[14].ro                 |    <0.001 |
|               R2m[15].a2m[15].ro                 |    <0.001 |
|               R2m[15].a2m[16].ro                 |    <0.001 |
|               R2m[15].a2m[17].ro                 |    <0.001 |
|               R2m[15].a2m[18].ro                 |    <0.001 |
|               R2m[15].a2m[19].ro                 |    <0.001 |
|               R2m[15].a2m[20].ro                 |    <0.001 |
|               R2m[15].a2m[5].ro                  |    <0.001 |
|               R2m[15].a2m[6].ro                  |    <0.001 |
|               R2m[15].a2m[7].ro                  |    <0.001 |
|               R2m[15].a2m[8].ro                  |    <0.001 |
|               R2m[15].a2m[9].ro                  |    <0.001 |
|               R2m[16].a2m[10].ro                 |    <0.001 |
|               R2m[16].a2m[11].ro                 |    <0.001 |
|               R2m[16].a2m[12].ro                 |    <0.001 |
|               R2m[16].a2m[13].ro                 |    <0.001 |
|               R2m[16].a2m[14].ro                 |    <0.001 |
|               R2m[16].a2m[15].ro                 |    <0.001 |
|               R2m[16].a2m[16].ro                 |    <0.001 |
|               R2m[16].a2m[17].ro                 |    <0.001 |
|               R2m[16].a2m[18].ro                 |    <0.001 |
|               R2m[16].a2m[19].ro                 |    <0.001 |
|               R2m[16].a2m[20].ro                 |    <0.001 |
|               R2m[16].a2m[5].ro                  |    <0.001 |
|               R2m[16].a2m[6].ro                  |    <0.001 |
|               R2m[16].a2m[7].ro                  |    <0.001 |
|               R2m[16].a2m[8].ro                  |    <0.001 |
|               R2m[16].a2m[9].ro                  |    <0.001 |
|               R2m[17].a2m[10].ro                 |    <0.001 |
|               R2m[17].a2m[11].ro                 |    <0.001 |
|               R2m[17].a2m[12].ro                 |    <0.001 |
|               R2m[17].a2m[13].ro                 |    <0.001 |
|               R2m[17].a2m[14].ro                 |    <0.001 |
|               R2m[17].a2m[15].ro                 |    <0.001 |
|               R2m[17].a2m[16].ro                 |    <0.001 |
|               R2m[17].a2m[17].ro                 |    <0.001 |
|               R2m[17].a2m[18].ro                 |    <0.001 |
|               R2m[17].a2m[19].ro                 |    <0.001 |
|               R2m[17].a2m[20].ro                 |    <0.001 |
|               R2m[17].a2m[5].ro                  |    <0.001 |
|               R2m[17].a2m[6].ro                  |    <0.001 |
|               R2m[17].a2m[7].ro                  |    <0.001 |
|               R2m[17].a2m[8].ro                  |    <0.001 |
|               R2m[17].a2m[9].ro                  |    <0.001 |
|               R2m[18].a2m[10].ro                 |    <0.001 |
|               R2m[18].a2m[11].ro                 |    <0.001 |
|               R2m[18].a2m[12].ro                 |    <0.001 |
|               R2m[18].a2m[13].ro                 |    <0.001 |
|               R2m[18].a2m[14].ro                 |    <0.001 |
|               R2m[18].a2m[15].ro                 |    <0.001 |
|               R2m[18].a2m[16].ro                 |    <0.001 |
|               R2m[18].a2m[17].ro                 |    <0.001 |
|               R2m[18].a2m[18].ro                 |    <0.001 |
|               R2m[18].a2m[19].ro                 |    <0.001 |
|               R2m[18].a2m[20].ro                 |    <0.001 |
|               R2m[18].a2m[5].ro                  |    <0.001 |
|               R2m[18].a2m[6].ro                  |    <0.001 |
|               R2m[18].a2m[7].ro                  |    <0.001 |
|               R2m[18].a2m[8].ro                  |    <0.001 |
|               R2m[18].a2m[9].ro                  |    <0.001 |
|               R333m[19].a333m[24].ro             |    <0.001 |
|               R333m[19].a333m[25].ro             |    <0.001 |
|               R333m[19].a333m[26].ro             |    <0.001 |
|               R333m[20].a333m[24].ro             |    <0.001 |
|               R333m[20].a333m[25].ro             |    <0.001 |
|               R333m[20].a333m[26].ro             |    <0.001 |
|               R333m[21].a333m[24].ro             |    <0.001 |
|               R333m[21].a333m[25].ro             |    <0.001 |
|               R333m[21].a333m[26].ro             |    <0.001 |
|               R333m[22].a333m[24].ro             |    <0.001 |
|               R333m[22].a333m[25].ro             |    <0.001 |
|               R333m[22].a333m[26].ro             |    <0.001 |
|               R333m[23].a333m[24].ro             |    <0.001 |
|               R333m[23].a333m[25].ro             |    <0.001 |
|               R333m[23].a333m[26].ro             |    <0.001 |
|               R333m[24].a333m[24].ro             |    <0.001 |
|               R333m[24].a333m[25].ro             |    <0.001 |
|               R333m[24].a333m[26].ro             |    <0.001 |
|               R333m[25].a333m[24].ro             |    <0.001 |
|               R333m[25].a333m[25].ro             |    <0.001 |
|               R333m[25].a333m[26].ro             |    <0.001 |
|               R333m[26].a333m[24].ro             |    <0.001 |
|               R333m[26].a333m[25].ro             |    <0.001 |
|               R333m[26].a333m[26].ro             |    <0.001 |
|               R333m[27].a333m[24].ro             |    <0.001 |
|               R333m[27].a333m[25].ro             |    <0.001 |
|               R333m[27].a333m[26].ro             |    <0.001 |
|               R33m[19].a33m[21].ro               |    <0.001 |
|               R33m[19].a33m[22].ro               |    <0.001 |
|               R33m[19].a33m[23].ro               |    <0.001 |
|               R33m[20].a33m[21].ro               |    <0.001 |
|               R33m[20].a33m[22].ro               |    <0.001 |
|               R33m[20].a33m[23].ro               |    <0.001 |
|               R33m[21].a33m[21].ro               |    <0.001 |
|               R33m[21].a33m[22].ro               |    <0.001 |
|               R33m[21].a33m[23].ro               |    <0.001 |
|               R33m[22].a33m[21].ro               |    <0.001 |
|               R33m[22].a33m[22].ro               |    <0.001 |
|               R33m[22].a33m[23].ro               |    <0.001 |
|               R33m[23].a33m[21].ro               |    <0.001 |
|               R33m[23].a33m[22].ro               |    <0.001 |
|               R33m[23].a33m[23].ro               |    <0.001 |
|               R33m[24].a33m[21].ro               |    <0.001 |
|               R33m[24].a33m[22].ro               |    <0.001 |
|               R33m[24].a33m[23].ro               |    <0.001 |
|               R33m[25].a33m[21].ro               |    <0.001 |
|               R33m[25].a33m[22].ro               |    <0.001 |
|               R33m[25].a33m[23].ro               |    <0.001 |
|               R33m[26].a33m[21].ro               |    <0.001 |
|               R33m[26].a33m[22].ro               |    <0.001 |
|               R33m[26].a33m[23].ro               |    <0.001 |
|               R33m[27].a33m[21].ro               |    <0.001 |
|               R33m[27].a33m[22].ro               |    <0.001 |
|               R33m[27].a33m[23].ro               |    <0.001 |
|               R3[19].a3[2].ro                    |    <0.001 |
|               R3[19].a3[3].ro                    |    <0.001 |
|               R3[19].a3[4].ro                    |    <0.001 |
|               R3[20].a3[2].ro                    |    <0.001 |
|               R3[20].a3[3].ro                    |    <0.001 |
|               R3[20].a3[4].ro                    |    <0.001 |
|               R3[21].a3[2].ro                    |    <0.001 |
|               R3[21].a3[3].ro                    |    <0.001 |
|               R3[21].a3[4].ro                    |    <0.001 |
|               R3[22].a3[2].ro                    |    <0.001 |
|               R3[22].a3[3].ro                    |    <0.001 |
|               R3[22].a3[4].ro                    |    <0.001 |
|               R3[23].a3[2].ro                    |    <0.001 |
|               R3[23].a3[3].ro                    |    <0.001 |
|               R3[23].a3[4].ro                    |    <0.001 |
|               R3[24].a3[2].ro                    |    <0.001 |
|               R3[24].a3[3].ro                    |    <0.001 |
|               R3[24].a3[4].ro                    |    <0.001 |
|               R3[25].a3[2].ro                    |    <0.001 |
|               R3[25].a3[3].ro                    |    <0.001 |
|               R3[25].a3[4].ro                    |    <0.001 |
|               R3[26].a3[2].ro                    |    <0.001 |
|               R3[26].a3[3].ro                    |    <0.001 |
|               R3[26].a3[4].ro                    |    <0.001 |
|               R3[27].a3[2].ro                    |    <0.001 |
|               R3[27].a3[3].ro                    |    <0.001 |
|               R3[27].a3[4].ro                    |    <0.001 |
|               R3m[19].a3m[10].ro                 |    <0.001 |
|               R3m[19].a3m[11].ro                 |    <0.001 |
|               R3m[19].a3m[12].ro                 |    <0.001 |
|               R3m[19].a3m[13].ro                 |    <0.001 |
|               R3m[19].a3m[14].ro                 |    <0.001 |
|               R3m[19].a3m[15].ro                 |    <0.001 |
|               R3m[19].a3m[16].ro                 |    <0.001 |
|               R3m[19].a3m[17].ro                 |    <0.001 |
|               R3m[19].a3m[18].ro                 |    <0.001 |
|               R3m[19].a3m[19].ro                 |    <0.001 |
|               R3m[19].a3m[20].ro                 |    <0.001 |
|               R3m[19].a3m[5].ro                  |    <0.001 |
|               R3m[19].a3m[6].ro                  |    <0.001 |
|               R3m[19].a3m[7].ro                  |    <0.001 |
|               R3m[19].a3m[8].ro                  |    <0.001 |
|               R3m[19].a3m[9].ro                  |    <0.001 |
|               R3m[20].a3m[10].ro                 |    <0.001 |
|               R3m[20].a3m[11].ro                 |    <0.001 |
|               R3m[20].a3m[12].ro                 |    <0.001 |
|               R3m[20].a3m[13].ro                 |    <0.001 |
|               R3m[20].a3m[14].ro                 |    <0.001 |
|               R3m[20].a3m[15].ro                 |    <0.001 |
|               R3m[20].a3m[16].ro                 |    <0.001 |
|               R3m[20].a3m[17].ro                 |    <0.001 |
|               R3m[20].a3m[18].ro                 |    <0.001 |
|               R3m[20].a3m[19].ro                 |    <0.001 |
|               R3m[20].a3m[20].ro                 |    <0.001 |
|               R3m[20].a3m[5].ro                  |    <0.001 |
|               R3m[20].a3m[6].ro                  |    <0.001 |
|               R3m[20].a3m[7].ro                  |    <0.001 |
|               R3m[20].a3m[8].ro                  |    <0.001 |
|               R3m[20].a3m[9].ro                  |    <0.001 |
|               R3m[21].a3m[10].ro                 |    <0.001 |
|               R3m[21].a3m[11].ro                 |    <0.001 |
|               R3m[21].a3m[12].ro                 |    <0.001 |
|               R3m[21].a3m[13].ro                 |    <0.001 |
|               R3m[21].a3m[14].ro                 |    <0.001 |
|               R3m[21].a3m[15].ro                 |    <0.001 |
|               R3m[21].a3m[16].ro                 |    <0.001 |
|               R3m[21].a3m[17].ro                 |    <0.001 |
|               R3m[21].a3m[18].ro                 |    <0.001 |
|               R3m[21].a3m[19].ro                 |    <0.001 |
|               R3m[21].a3m[20].ro                 |    <0.001 |
|               R3m[21].a3m[5].ro                  |    <0.001 |
|               R3m[21].a3m[6].ro                  |    <0.001 |
|               R3m[21].a3m[7].ro                  |    <0.001 |
|               R3m[21].a3m[8].ro                  |    <0.001 |
|               R3m[21].a3m[9].ro                  |    <0.001 |
|               R3m[22].a3m[10].ro                 |    <0.001 |
|               R3m[22].a3m[11].ro                 |    <0.001 |
|               R3m[22].a3m[12].ro                 |    <0.001 |
|               R3m[22].a3m[13].ro                 |    <0.001 |
|               R3m[22].a3m[14].ro                 |    <0.001 |
|               R3m[22].a3m[15].ro                 |    <0.001 |
|               R3m[22].a3m[16].ro                 |    <0.001 |
|               R3m[22].a3m[17].ro                 |    <0.001 |
|               R3m[22].a3m[18].ro                 |    <0.001 |
|               R3m[22].a3m[19].ro                 |    <0.001 |
|               R3m[22].a3m[20].ro                 |    <0.001 |
|               R3m[22].a3m[5].ro                  |    <0.001 |
|               R3m[22].a3m[6].ro                  |    <0.001 |
|               R3m[22].a3m[7].ro                  |    <0.001 |
|               R3m[22].a3m[8].ro                  |    <0.001 |
|               R3m[22].a3m[9].ro                  |    <0.001 |
|               R3m[23].a3m[10].ro                 |    <0.001 |
|               R3m[23].a3m[11].ro                 |    <0.001 |
|               R3m[23].a3m[12].ro                 |    <0.001 |
|               R3m[23].a3m[13].ro                 |    <0.001 |
|               R3m[23].a3m[14].ro                 |    <0.001 |
|               R3m[23].a3m[15].ro                 |    <0.001 |
|               R3m[23].a3m[16].ro                 |    <0.001 |
|               R3m[23].a3m[17].ro                 |    <0.001 |
|               R3m[23].a3m[18].ro                 |    <0.001 |
|               R3m[23].a3m[19].ro                 |    <0.001 |
|               R3m[23].a3m[20].ro                 |    <0.001 |
|               R3m[23].a3m[5].ro                  |    <0.001 |
|               R3m[23].a3m[6].ro                  |    <0.001 |
|               R3m[23].a3m[7].ro                  |    <0.001 |
|               R3m[23].a3m[8].ro                  |    <0.001 |
|               R3m[23].a3m[9].ro                  |    <0.001 |
|               R3m[24].a3m[10].ro                 |    <0.001 |
|               R3m[24].a3m[11].ro                 |    <0.001 |
|               R3m[24].a3m[12].ro                 |    <0.001 |
|               R3m[24].a3m[13].ro                 |    <0.001 |
|               R3m[24].a3m[14].ro                 |    <0.001 |
|               R3m[24].a3m[15].ro                 |    <0.001 |
|               R3m[24].a3m[16].ro                 |    <0.001 |
|               R3m[24].a3m[17].ro                 |    <0.001 |
|               R3m[24].a3m[18].ro                 |    <0.001 |
|               R3m[24].a3m[19].ro                 |    <0.001 |
|               R3m[24].a3m[20].ro                 |    <0.001 |
|               R3m[24].a3m[5].ro                  |    <0.001 |
|               R3m[24].a3m[6].ro                  |    <0.001 |
|               R3m[24].a3m[7].ro                  |    <0.001 |
|               R3m[24].a3m[8].ro                  |    <0.001 |
|               R3m[24].a3m[9].ro                  |    <0.001 |
|               R3m[25].a3m[10].ro                 |    <0.001 |
|               R3m[25].a3m[11].ro                 |    <0.001 |
|               R3m[25].a3m[12].ro                 |    <0.001 |
|               R3m[25].a3m[13].ro                 |    <0.001 |
|               R3m[25].a3m[14].ro                 |    <0.001 |
|               R3m[25].a3m[15].ro                 |    <0.001 |
|               R3m[25].a3m[16].ro                 |    <0.001 |
|               R3m[25].a3m[17].ro                 |    <0.001 |
|               R3m[25].a3m[18].ro                 |    <0.001 |
|               R3m[25].a3m[19].ro                 |    <0.001 |
|               R3m[25].a3m[20].ro                 |    <0.001 |
|               R3m[25].a3m[5].ro                  |    <0.001 |
|               R3m[25].a3m[6].ro                  |    <0.001 |
|               R3m[25].a3m[7].ro                  |    <0.001 |
|               R3m[25].a3m[8].ro                  |    <0.001 |
|               R3m[25].a3m[9].ro                  |    <0.001 |
|               R3m[26].a3m[10].ro                 |    <0.001 |
|               R3m[26].a3m[11].ro                 |    <0.001 |
|               R3m[26].a3m[12].ro                 |    <0.001 |
|               R3m[26].a3m[13].ro                 |    <0.001 |
|               R3m[26].a3m[14].ro                 |    <0.001 |
|               R3m[26].a3m[15].ro                 |    <0.001 |
|               R3m[26].a3m[16].ro                 |    <0.001 |
|               R3m[26].a3m[17].ro                 |    <0.001 |
|               R3m[26].a3m[18].ro                 |    <0.001 |
|               R3m[26].a3m[19].ro                 |    <0.001 |
|               R3m[26].a3m[20].ro                 |    <0.001 |
|               R3m[26].a3m[5].ro                  |    <0.001 |
|               R3m[26].a3m[6].ro                  |    <0.001 |
|               R3m[26].a3m[7].ro                  |    <0.001 |
|               R3m[26].a3m[8].ro                  |    <0.001 |
|               R3m[26].a3m[9].ro                  |    <0.001 |
|               R3m[27].a3m[10].ro                 |    <0.001 |
|               R3m[27].a3m[11].ro                 |    <0.001 |
|               R3m[27].a3m[12].ro                 |    <0.001 |
|               R3m[27].a3m[13].ro                 |    <0.001 |
|               R3m[27].a3m[14].ro                 |    <0.001 |
|               R3m[27].a3m[15].ro                 |    <0.001 |
|               R3m[27].a3m[16].ro                 |    <0.001 |
|               R3m[27].a3m[17].ro                 |    <0.001 |
|               R3m[27].a3m[18].ro                 |    <0.001 |
|               R3m[27].a3m[19].ro                 |    <0.001 |
|               R3m[27].a3m[20].ro                 |    <0.001 |
|               R3m[27].a3m[5].ro                  |    <0.001 |
|               R3m[27].a3m[6].ro                  |    <0.001 |
|               R3m[27].a3m[7].ro                  |    <0.001 |
|               R3m[27].a3m[8].ro                  |    <0.001 |
|               R3m[27].a3m[9].ro                  |    <0.001 |
|               Ro1[1].ro                          |    <0.001 |
|               Ro1[2].ro                          |    <0.001 |
|               Ro1[3].ro                          |    <0.001 |
|               Ro1[4].ro                          |    <0.001 |
|               Ro1[5].ro                          |    <0.001 |
|               Ro1[6].ro                          |    <0.001 |
|               Ro1[7].ro                          |    <0.001 |
|               Ro1[8].ro                          |    <0.001 |
|               Ro1[9].ro                          |    <0.001 |
|               Ro2[10].ro                         |    <0.001 |
|               Ro2[11].ro                         |    <0.001 |
|               Ro2[12].ro                         |    <0.001 |
|               Ro2[13].ro                         |    <0.001 |
|               Ro2[14].ro                         |    <0.001 |
|               Ro2[15].ro                         |    <0.001 |
|               Ro2[16].ro                         |    <0.001 |
|               Ro2[17].ro                         |    <0.001 |
|               Ro2[18].ro                         |    <0.001 |
|               Ro3[19].ro                         |    <0.001 |
|               Ro3[20].ro                         |    <0.001 |
|               Ro3[21].ro                         |    <0.001 |
|               Ro3[22].ro                         |    <0.001 |
|               Ro3[23].ro                         |    <0.001 |
|               Ro3[24].ro                         |    <0.001 |
|               Ro3[25].ro                         |    <0.001 |
|               Ro3[26].ro                         |    <0.001 |
|               Ro3[27].ro                         |    <0.001 |
|     rst_processing_system7_0_50M                 |    <0.001 |
|       U0                                         |    <0.001 |
|         EXT_LPF                                  |    <0.001 |
|           ACTIVE_LOW_EXT.ACT_LO_EXT              |    <0.001 |
|         SEQ                                      |    <0.001 |
|           SEQ_COUNTER                            |    <0.001 |
+--------------------------------------------------+-----------+


